[    0.000000] Initializing cgroup subsys cpuset
[    0.000000] Initializing cgroup subsys cpu
[    0.000000] Initializing cgroup subsys cpuacct
[    0.000000] Linux version 4.4.0-83-generic (buildd@lgw01-29) (gcc version 5.4.0 20160609 (Ubuntu 5.4.0-6ubuntu1~16.04.4) ) #106-Ubuntu SMP Mon Jun 26 17:54:43 UTC 2017 (Ubuntu 4.4.0-83.106-generic 4.4.70)
[    0.000000] Command line: BOOT_IMAGE=/boot/vmlinuz-4.4.0-83-generic root=LABEL=cloudimg-rootfs ro console=tty1 console=ttyS0
[    0.000000] KERNEL supported cpus:
[    0.000000]   Intel GenuineIntel
[    0.000000]   AMD AuthenticAMD
[    0.000000]   Centaur CentaurHauls
[    0.000000] x86/fpu: xstate_offset[2]:  576, xstate_sizes[2]:  256
[    0.000000] x86/fpu: Supporting XSAVE feature 0x01: 'x87 floating point registers'
[    0.000000] x86/fpu: Supporting XSAVE feature 0x02: 'SSE registers'
[    0.000000] x86/fpu: Supporting XSAVE feature 0x04: 'AVX registers'
[    0.000000] x86/fpu: Enabled xstate features 0x7, context size is 832 bytes, using 'standard' format.
[    0.000000] x86/fpu: Using 'lazy' FPU context switches.
[    0.000000] e820: BIOS-provided physical RAM map:
[    0.000000] BIOS-e820: [mem 0x0000000000000000-0x000000000009fbff] usable
[    0.000000] BIOS-e820: [mem 0x000000000009fc00-0x000000000009ffff] reserved
[    0.000000] BIOS-e820: [mem 0x00000000000f0000-0x00000000000fffff] reserved
[    0.000000] BIOS-e820: [mem 0x0000000000100000-0x000000003ffeffff] usable
[    0.000000] BIOS-e820: [mem 0x000000003fff0000-0x000000003fffffff] ACPI data
[    0.000000] BIOS-e820: [mem 0x00000000fffc0000-0x00000000ffffffff] reserved
[    0.000000] NX (Execute Disable) protection: active
[    0.000000] SMBIOS 2.5 present.
[    0.000000] Hypervisor detected: KVM
[    0.000000] e820: last_pfn = 0x3fff0 max_arch_pfn = 0x400000000
[    0.000000] MTRR: Disabled
[    0.000000] x86/PAT: MTRRs disabled, skipping PAT initialization too.
[    0.000000] x86/PAT: Configuration [0-7]: WB  WT  UC- UC  WB  WT  UC- UC  
[    0.000000] CPU MTRRs all blank - virtualized system.
[    0000] found SMP MP-table at [mem 0x0009fff0-0x0009ffff] mapped at [ffff88000009fff0]
[    0.000000] Scanning 1 areas for low memory corruption
[  000000RADISK: [mem 0x36ade000-0x37566fff]
[    0.000000] ACPI: Early table checksum verification disabled
[    0.000000] ACPI: RSDP 0x00000000000E0000 000024 (v02 VBOX  )
[    0.000000] ACPI: XSDT 0x000000003FFF0030 00003C (v01 VBOX   VBOXXSDT 00000001 ASL  00000061)
[    0.000000] ACPI: FACP 0x000000003FFF00F0 0000F4 (v04 VBOX   VBOXFACP 00000001 ASL  00000061)
[    0.000000] ACPI: DSDT 0x000000003FFF0470 001CEB (v01 VBOX   VBOXBIOS 00000002 INTL 20140214)
[    0.000000] ACPI: FACS 0x000000003FFF0200 000040
[    0.000000] ACPI: FACS 0x000000003FFF0200 000040
[    0.000000] ACPI: APIC 0x000000003FFF0240 00005C (v02 VBOX   VBOXAPIC 00000001 ASL  00000061)
[    0.000000] ACPI: SSDT 0x000000003FFF02A0 0001CC (v01 VBOX   VBOXCPUT 00000002 INTL 20140214)
[    0.000000] No NUMA configuration found
[    0.000000] Faking a node at [mem 0x0000000000000000-0x000000003ffeffff]
[    0.000000] NODE_DATA(0) allocated [mem 0x3ffeb000-0x3ffeffff]
[    0.000000] kvm-clock: Using msrs 4b564d01 and 4b564d00
[    0.000000] kvm-clock: cpu 0, msr 0:3ffe3001, primary cpu clock
[    0.000000] kvm-clock: using sched offset of 3000755175 cycles
[    0.000000] clocksource: kvm-clock: mask: 0xffffffffffffffff max_cycles: 0x1cd42e4dffb, max_idle_ns: 881590591483 ns
[    0.000000] Zone ranges:
[    0.000000]   DMA      [mem 0x0000000000001000-0x0000000000ffffff]
[    0.000000]   DMA32    [mem 0x0000000001000000-0x000000003ffeffff]
[    0.000000]   Normal   empty
[    0.000000]   Device   empty
[    0.000000] Movable zone start for each node
[    0.000000] Early memory node ranges
[    0.000000]   node   0: [mem 0x0000000000001000-0x000000000009efff]
[    0.000000]   node   0: [mem 0x0000000000100000-0x000000003ffeffff]
[    0.000000] Initmem setup node 0 [mem 0x0000000000001000-0x00003ffeffff]
[    0.000000] ACPI: PM-Timer IO Port: 0x4008
[    0.000000] IOAPIC0]: apic_id 2, version 17, address 0xfec00000, GSI 0-23
[    0.000000] ACPI: INT_SRC_OVR (bus 0 bus_irq 0 global_irq 2 dfl dfl)
[    0.000000] ACPI: INT_SRC_OVR (bus 0 bus_irq 9 global_irq 9 high level)
[    0.000000] Using ACPI (MADT) for SMP configuration information
[    0.000000] smpboot: Allowing 2 CPUs, 0 hotplug CPUs
[    0.000000] PM: Registered nosave memory: [mem 0x00000000-0x00000fff]
[    0.000000] PM: Registered nosave memory: [mem 0x0009f000-0x0009ffff]
[    0.000000] PM: Registered nosave memory: [mem 0x000a0000-0x000effff]
[    0.000000] PM: Registered nosave memory: [mem 0x000f0000-0x000fffff]
[    0.000000] e820: [mem 0x40000000-0xfffbffff] available for PCI devices
[    0.000000] Booting paravirtualized kernel on KVM
[    0.000000] clocksource: refined-jiffies: mask: 0xffffffff max_cycles: 0xffffffff, max_idle_ns: 7645519600211568 ns
[    0.000000] setup_percpu: NR_CPUS:512 nr_cpumask_bits:512 nr_cpu_ids:2 nr_node_ids:1
[    0.000000] PERCPU: Embedded 33 pages/cpu @ffff88003fc00000 s98264 r8192 d28712 u1048576
[    0.000000] PV qspinlock hash table entries: 256 (order: 0, 4096 bytes)
[    0.000000] Built 1 zonelists in Node order, mobility grouping on.  Total pages: 257913
[    0.000000] Policy zone: DMA32
[    0.000000] Kernel command line: BOOT_IMAGE=/boot/vmlinuz-4.4.0-83-generic root=LABEL=cloudimg-rootfs ro console=tty1 console=ttyS0
[    0.000000] PID hash table entries: 4096 (order: 3, 32768 bytes)
[    0.000000] Memory: 1001788K/1048120K available (8469K kernel code, 1294K rwdata, 3984K rodata, 1488K init, 1316K bss, 46332K reserved, 0K cma-reserved)
[    0.000000] SLUB: HWalign=64, Order=0-3, MinObjects=0, CPUs=2, Nodes=1
[    0.000000] Hierarchical RCU implementation.
[    0.000000] 	Build-time adjustment of leaf fanout to 64.
[    0.000000] 	RCU restricting CPUs from NR_CPUS=512 to nr_cpu_ids=2.
[    0.000000] RCU: Adjusting geometry for rcu_fanout_leaf=64, nr_cpu_ids=2
[    0.000000] NR_IRQS:33024 nr_irqs:440 16
[    0.000000] Console: colour VGA+ 80x25
[    0.000000] console [tty1] enabled
[    0.000000] console [ttyS0] enabled
[    0.000000] tsc: Detected 2394.456 MHz processor
[    1.443423] Calibrating delay loop (skipped) preset value.. 4788.91 BogoMIPS (lpj=9577824)
[    1.445130] pid_max: default: 32768 minimum: 301
[    1.446021] ACPI: Core revision 20150930
[   .447721] ACPI: 2 ACPI AML tables successfully acquired and loaded
[    1.474717] Security Framework initialized
[    1.475554] Yama: becoming mindful.
[    1.476318] AppArmor: AppArmor initialized
[    1.477218] Dentry cache hash table entries: 131072 (order: 8, 1048576 bytes)
[    1.478646] Inode-cache hash table entries: 65536 (order: 7, 524288 bytes)
[    1.480470] Mount-cache hash table entries: 2048 (order: 2, 16384 bytes)
[    1.493000] Mountpoint-cache hash table entries: 2048 (order: 2, 16384 bytes)
[    1.494404] Initializing cgroup subsys io
[    1.501239] Initializing cgroup subsys memory
[    1.502135] Initializing cgroup subsys devices
[    1.503046] Initializing cgroup subsys freezer
[    1.503914] Initializing cgroup subsys net_cls
[    1.504818] Initializing cgroup subsys perf_event
[    1.505741] Initializing cgroup subsys net_prio
[    1.506666] Initializing cgroup subsys hugetlb
[    1.507532] Initializing cgroup subsys pids
[    1.508467] CPU: Physical Processor ID: 0
[    1.509276] CPU: Processor Core ID: 0
[    1.511033] mce: CPU supports 0 MCE banks
[    1.511861] Last level iTLB entries: 4KB 1024, 2MB 1024, 4MB 1024
[    1.513006] Last level dTLB entries: 4KB 1024, 2MB 1024, 4MB 1024, 1GB 4
[    1.516202] Freeing SMP alternatives memory: 32K (ffffffff820b9000 - ffffffff820c1000)
[    1.530023] ftrace: allocating 32129 entries in 126 pages
[    1.572307] smpboot: APIC(0) Converting physical 0 to logical package 0
[    1.578833] smpboot: Max logical packages: 1
[    1.581027] ..TIMER: vector=0x30 apic1=0 pin1=2 apic2=-1 pin2=-1
[    1.690703] smpboot: CPU0: Intel(R) Core(TM) i5-4210U CPU @ 1.70GHz (family: 0x6, model: 0x45, stepping: 0x1)
[    1.707599] Performance Events: unsupported p6 CPU model 69 no PMU driver, software events only.
[    1.709435] KVM setup paravirtual spinlock
[    1.711041] x86: Booting SMP configuration:
[    1.720738] .... node  #0, CPUs:      #1
[    1.721650] kvm-clock: cpu 1, msr 0:3ffe3041, secondary cpu clock
[    1.724486] mce: CPU supports 0 MCE banks
[    1.742716] x86: Booted up 1 node, 2 CPUs
[    1.747759] smpboot: Total of 2 processors activated (9577.82 BogoMIPS)
[    1.749474] devtmpfs: initialized
[    1.752861] evm: security.selinux
[    1.755449] evm: security.SMACK64
[    1.756164] evm: security.SMACK64EXEC
[    1.756966] evm: security.SMACK64TRANSMUTE
[    1.757780] evm: security.SMACK64MMAP
[    1.758537] evm: security.ima
[    1.759261] evm: security.capability
[    1.765637] clocksource: jiffies: mask: 0xffffffff max_cycles: 0xffffffff, max_idle_ns: 7645041785100000 ns
[    1.768601] futex hash table entries: 512 (order: 3, 32768 bytes)
[    1.771780] pinctrl core: initialized pinctrl subsystem
[    1.775559] RTC time: 14:36:18, date: 07/13/17
[    1.781046] NET: Registered protocol family 16
[    1.798285] cpuidle: using governor ladder
[    1.810221] cpuidle: using governor menu
[    1.815003] PCCT header not found.
[    1.815824] ACPI: bus type PCI registered
[    1.816659] acpiphp: ACPI Hot Plug PCI Controller Driver version: 0.5
[    1.817883] PCI: Using configuration type 1 for base access
[    1.831258] ACPI: Added _OSI(Module Device)
[    1.837479] ACPI: Added _OSI(Processor Device)
[    1.838401] ACPI: Added _OSI(3.0 _SCP Extensions)
[    1.839295] ACPI: Added _OSI(Processor Aggregator Device)
[    1.846292] ACPI: Executed 1 blocks of module-level executable AML code
[    1.853338] ACPI: Interpreter enabled
[    1.855240] ACPI: (supports S0 S5)
[    1.855963] ACPI: Using IOAPIC for interrupt routing
[    1.858911] PCI: Using host bridge windows from ACPI; if necessary, use "pci=nocrs" and report a bug
[    1.864234] ACPI: PCI Root Bridge [PCI0] (domain 0000 [bus 00-ff])
[    1.868385] acpi PNP0A03:00: _OSC: OS supports [ASPM ClockPM Segments MSI]
[    1.869558] acpi PNP0A03:00: _OSC failed (AE_NOT_FOUND); disabling ASPM
[    1.870790] acpi PNP0A03:00: fail to add MMCONFIG information, can't access extended PCI configuration space under this bridge.
[    1.883608] PCI host bridge to bus 0000:00
[    1.884453] pci_bus 0000:00: root bus resource [io  0x0000-0x0cf7 window]
[    1.885629] pci_bus 0000:00: root bus resource [io  0x0d00-0xffff window]
[    1.886836] pci_bus 0000:00: root bus resource [mem 0x000a0000-0x000bffff window]
[    1.888383] pci_bus 0000:00: root bus resource [mem 0x40000000-0xffdfffff window]
[    1.889840] pci_bus 0000:00: root bus resource [bus 00-ff]
[    1.892292] pci 0000:00:01.1: legacy IDE quirk: reg 0x10: [io  0x01f0-0x01f7]
[    1.895463] pci 0000:00:01.1: legacy IDE quirk: reg 0x14: [io  0x03f6]
[    1.896659] pci 0000:00:01.1: legacy IDE quirk: reg 0x18: [io  0x0170-0x0177]
[    1.897878] pci 0000:00:01.1: legacy IDE quirk: reg 0x1c: [io  0x0376]
[    1.923456] ACPI: PCI Interrupt Link [LNKA] (IRQs 5 9 10 11) *0, disabled.
[    1.932146] ACPI: PCI Interrupt Link [LNKB] (IRQs 5 9 10 *11)
[    1.935727] ACPI: PCI Interrupt Link [LNKC] (IRQs 5 9 *10 11)
[    1.950807] ACPI: PCI Interrupt Link [LNKD] (IRQs 5 *9 10 11)
[    2.015845] ACPI: Enabled 2 GPEs in block 00 to 07
[    2.019581] vgaarb: setting as boot device: PCI:0000:00:02.0
[    2.020652] vgaarb: device added: PCI:0000:00:02.0,decodes=io+mem,owns=io+mem,locks=none
[    2.197901] vgaarb: loaded
[    2.206763] vgaarb: bridge control possible 0000:00:02.0
[    2.208015] SCSI subsystem initialized
[    2.208954] ACPI: bus type USB registered
[    2.210921] usbcore: registered new interface driver usbfs
[    2.211910] usbcore: registered new interface driver hub
[    2.221056] usbcore: registered new device driver usb
[    2.222367] PCI: Using ACPI for IRQ routing
[    2.288143] NetLabel: Initializing
[    2.352961] NetLabel:  domain hash size = 128
[    2.382638] NetLabel:  protocols = UNLABELED CIPSOv4
[    2.383569] NetLabel:  unlabeled traffic allowed by default
[    2.384757] amd_nb: Cannot enumerate AMD northbridges
[    2.435779] clocksource: Switched to clocksource kvm-clock
[    2.464019] ApAorAprm FesteEnabled
[  28573] pnp: PnP ACPI init
[    3.001703] pnp: PnP ACPI: found 3 devices
[   0173clksrc ai_: sk0xfff axycs:xfff m_ie_: 2085701024 ns
[  4569]ETRestedrocofaly
[    4.611762] TCP establishd shtae trs:8192 (orde:  636yt)  5.24] P ndastae tres81 (de 5131072 bytes)
[    6.011065] TCP: Hash tables configured (established 8192 bind 8192)
[    6.012189]DPastae entries: 512 (order: 2, 16384 bytes)
[    6.271078] UDP-Lite hash table entries: 512 (order: 2, 16384 bytes)
[    6.272254] NET: Registered protocol family 1
[    6.273142] pci 0000:00:00.0: Limiting direct PCI/PCI transfers
[    6.274195] pci 0000:00:01.0: Activating ISA DMA hang workarounds
[    6.275911] Unpacking initramfs...
[    8.285451] Freeing initrd memory: 10788K (ffff880036ade000 - ffff880037567000)
[    8.333112] RAPL PMU detected, API unit is 2^-32 Joules, 4 fixed counters 10737418240 ms ovfl timer
[    8.393273] hw unit of domain pp0-core 2^-0 Joules
[    8.394182] hw unit of domain package 2^-0 Joules
[    8.395101] hw unit of domain dram 2^-0 Joules
[    8.396054] hw unit of domain pp1-gpu 2^-0 Joules
[    8.397051] platform rtc_cmos: registered platform RTC device (no PNP device found)
[    8.398619] Scanning for low memory corruption every 60 seconds
[    8.400258] audit: initializing netlink subsys (disabled)
[    8.408567] audit: type=2000 audit(1499956587.591:1): initialized
[    8.411703] Initialise system trusted keyring
[    8.412854] HugeTLB registered 2 MB page size, pr--allocated 0 pages
[    8.772599] zbud: loaded
[    8.779968] VFS: Disk quotas dquot_6.6.0
[    8.788083] VFS: Dquot-cache hash table entries: 512 (order 0, 4096 bytes)
[    8.791649] squashfs: version 4.0 (2009/01/31) Phillip Lougher
[    8.801309] fuse init (API version 7.23)
[    8.807213] Key type big_key registered
[    8.808040] Allocating IMA MOK and blacklist keyrings.
[    8.811436] Key type asymmetric registered
[    8.813480] Asymmetric key parser 'x509' registered
[    8.814461] Block layer SCSI generic (bsg) driver versoon 0.4 loaded (major 249)
[    8.972655] io scheduler noop registered
[    9.176707] io scheduler deadline registered (default)
[    9.400435] tsc: Refined TSC clocksource calibration: 2394.502 MHz
[    9.400439] clocksource: tsc: mask: 0xffffffffffffffff max_cycles: 0x2283ed8cd31, max_idle_ns: 440755250524 ns
[    9.781433] io scheduler cfq registered
[    9.782347] pci_hotplug: PCI Hot Plug PCI Core version: 0.5
[    9.783348] pciehp: PCI Express Hot Plug Controller Driver version: 0.4
[    9.784677] ACPI: AC Adapter [AC] (on-line)
[    9.881154] input: Power Button as /devices/LNXSYSTM:00/LNXPWRBN:00/input/input0
[    9.882623] ACPI: Power Button [PWRF]
[    9.883437] input: Sleep Button as /devices/LNXSYSTM:00/LNXSLPBN:00/input/input1
[    9.884934] ACPI: Sleep Button [SLPF]
[    9.886550] ACPI: Battery Slot [BAT0] (battery present)
[    9.887538] GHES: HEST is not enabled!
[    9.888489] Serial: 8250/16550 driver, 32 ports, IRQ sharing enabled
[   10.022676] 00:02: ttyS0 at I/O 0x3f8 (irq = 0, base_baud = 115200) is a 16550A
[   10.202777] Linux agpgart interface v0.103
[   10.208738] loop: module loaddd
[   10.361651] scsi host0: ata_piix
[   10.481152] scsi host1: ata_piix
[   10.482978] ata1: PATA max UDMA/33 cmd 0x1f0 ctl 0x3f6 bmdma 0xd000 irq 14
[   10.484143] ata2: PATA max UDMA/33 cmd 0x170 ctl 0x376 bmdma 0xd008 irq 15
[   10.485484] libphy: Fixed MDIO Bus: probed
[   10.521176] tun: Universal TUN/TAP device driver, 1.6
[   10.522164] tun: (C) 1999-2004 Max Krasnyansky <maxk@qualcomm.com>
[   10.523312] PPP generic driver version 2.4.2
[   10.661157] ehci_hcd: USB 2.0 'Enhanced' Host Controller (EHCI) Driver
[   10.662302] ehci-pci: EHCI PCI platform driver
[   10.663173] ehci-platform: EHCI generic platform driver
[   10.665215] ohci_hcd: USB 1.1 'Open' Host Controller (OHCI) Driver
[   10.666293] ohci-pci: OHCI PCI platform driver
[   10.667159] ohci-platform: OHCI generic platform driver
[   10.740803] uhci_hcd: USB Universal Host Controller Interface driver
[   10.941290] i8042: PNP: PS/2 Controller [PNP0303:PS2K,PNP0f03:PS2M] at 0x60,0x64 irq 1,12
[   10.947064] serio: i8042 KBD port at 0x60,0x64 irq 1
[   11.081431] serio: i8042 AUX port at 0x60,0x64 irq 12
[   11.096928] mousedev: PS/2 mouse device common for all mice
[   11.101934] rtc_cmos rtc_cmos: rtc core: registered rtc_cmos as rtc0
[   11.203794] rtc_cmos rtc_cmos: alarms up to one day, 114 bytes nvram
[   11.205033] input: AT Translated Set 2 keyboard as /devices/platform/i8042/serio0/input/input2
[   11.206733] i2c /dev entries driver
[   11.207637] device-mapper: uevent: version 1.0.3
[   11.208635] device-mapper: ioctl: 4.34.0-ioctl (2015-10-28) initialised: dm-devel@redhat.com
[   11.210264] ledtrig-cpu: registered to indicate activity on CPUs
[   11.261898] NET: Registered protocol family 10
[   11.264111] NET: Registered protocol family 17
[   11.266080] Key type dns_resolver registered
[   11.267126] microcode: CPU0 sig=0x40651, pf=0x2, revision=0x19
[   11.271481] microcode: CPU1 sig=0x40651, pf=0x2, revision=0x19
[   11.362473] microcode: Microcode Update Driver: v2.01 <tigran@aivazian.fsnet.co.uk>, Peter Oruba
[   11.364332] registered taskstats version 1
[   11.441027] Loading compiled-in X.509 certificates
[   11.442690] Loaded X.509 cert 'Build time autogenerated kernel key: 35105354eb779045e4d9ad793dead39d5ee93f76'
[   11.446526] zswap: loaded using pool lzo/zbud
[   11.449345] Key type trusted registered
[   11.624409] Key type encrypted registered
[   11.641238] AppArmor: AppArmor sha1 policy hashing enabled
[   11.642228] ima: No TPM chip found, activating TPM-bypass!
[   11.643230] evm: HMAC attrs: 0x1
[   11.721144]   aagi  number: 9:49:637
[   11.900927] rtc_cmos rtc_cmos: setting system clock to 2017-07-13 14:36:28 UTC (1499956588)
[   11.922187] BIOS EDD facility v0.16 2004-Jun-25, 0 devices found
[   11.923243] EDD information not available.
[   11.925451] Freeing unused kernel memory: 1488K (ffffffff81f45000 - ffffffff820b9000)
[   12.001787] Write protecting the kernel read-only data: 14336k
[   12.003443] Freeing unused kernel memory: 1760K (ffff880001848000 - ffff880001a00000)
[   12.042160] Freeing unused kernel memory: 112K (ffff880001de4000 - ffff880001e00000)
Loading, please wait...
[   12.057420] random: systemd-udevd: uninitialized urandom read (16 bytes read, 2 bits of entropy available)
starting version[   12.058129] random: udevadm: uninitialized urandom read (16 bytes read, 2 bits of entropy available)
[   12.058166] random: udevadm: uninitialized urandom read (16 bytes read, 2 bits of entropy available)
[   12.058290] random: udevadm: uninitialized urandom read (16 bytes read, 2 bits of entropy available)
[   12.058335] random: udevadm: uninitialized urandom read (16 bytes read, 2 bits of entropy available)
 229
[   12.058377] random: udevadm: uninitialized urandom read (16 bytes read, 2 bits of entropy available)
[   12.058417] random: udevadm: uninitialized urandom read (16 bytes read, 2 bits of entropy available)
[   12.058459] random: udevadm: uninitialized urandom read (16 bytes read, 2 bits of entropy available)
[   12.058498] random: udevadm: uninitialized urandom read (16 bytes read, 2 bits of entropy available)
[   12.058536] random: udevadm: uninitialized urandom read (16 bytes read, 2 bits of entropy available)
[   12.340545] Fusion MPT base driver 3.04.20
[   12.349482] Copyright (c) 1999-2008 LSI Corporation
[   12.352239] e1000: Intel(R) PRO/1000 Network Driver - version 7.3.21-k8-NAPI
[   12.371191] e1000: Copyright (c) 1999-2006 Intel Corporation.
[   12.378688] Fusion MPT SPI Host driver 3.04.20
[   12.501544] AVX version of gcm_enc/dec engaged.
[   12.611024] AES CTR mode by8 optimization enabled
[   12.811954] input: ImExPS/2 Generic Explorer Mouse as /devices/platform/i8042/serio1/input/input4
[   12.939755] e1000 0000:00:03.0 eth0: (PCI:33MHz:32-bit) 02:6e:aa:4e:78:a9
[   13.061581] e1000 0000:00:03.0 eth0: Intel(R) PRO/1000 Network Connection
[   13.069569] mptbase: ioc0: Initiating bringup
[   13.252481] e1000 0000:00:03.0 enp0s3: renamed from eth0
[   13.384149] ioc0: LSI53C1030 A0: Capabilities={Initiator}
[   13.750032] scsi host2: ioc0: LSI53C1030 A0, FwRev=00000000h, Ports=1, MaxQ=256, IRQ=20
[   13.884704] scsi 2:0:0:0: Direct-Access     VBOX     HARDDISK         1.0  PQ: 0 ANSI: 5
[   13.913294] scsi target2:0:0: Beginning Domain Validation
[   13.916138] scsi target2:0:0: Domain Validation skipping write tests
[   13.917261] scsi target2:0:0: Ending Domain Validation
[   13.918272] scsi target2:0:0: asynchronous
[   13.921564] scsi 2:0:1:0: Direct-Access     VBOX     HARDDISK         1.0  PQ: 0 ANSI: 5
[   13.931891] scsi target2:0:1: Beginning Domain Validation
[   13.947759] scsi target2:0:1: Domain Validation skipping write tests
[   14.071306] scsi target2:0:1: Ending Domain Validation
[   14.072390] scsi target2:0:1: asynchronous
[   14.239660] sd 2:0:0:0: Attached scsi generic sg0 type 0
[   14.311623] sd 2:0:1:0: Attached scsi generic sg1 type 0
[   14.311786] sd 2:0:0:0: [sda] 20971520 512-byte logical blocks: (10.7 GB/10.0 GiB)
[   14.311954] sd 2:0:0:0: [sda] Write Protect is off
[   14.311969] sd 2:0:1:0: [sdb] 20480 512-byte logical blocks: (10.5 MB/10.0 MiB)
[   14.312035] sd 2:0:0:0: [sda] Incomplete mode parameter data
[   14.312036] sd 2:0:0:0: [sda] Assuming drive cache: write through
[   14.312423] sd 2:0:1:0: [sdb] Write Protect is off
[   14.312515] sd 2:0:1:0: [sdb] Incomplete mode parameter data
[   14.312516] sd 2:0:1:0: [sdb] Assuming drive cache: write through
[   14.410238]  sda: sda1
[   14.411156] sd 2:0:0:0: [sda] Attached SCSI disk
[   14.411874] sd 2:0:1:0: [sdb] Attached SCSI disk
[   15.351903] floppy0: no floppy controllers found
[   16.858487] md: linear personality registered for level -1
Begin: Loading e[   16.890616] md: multipath personality registered for level -4
ssential drivers[   16.914634] md: raid0 personality registered for level 0
 ... [   16.931345] md: raid1 personality registered for level 1
[   17.123831] raid6: sse2x1   gen()  7981 MB/s
[   17.299819] raid6: sse2x1   xor()  6313 MB/s
[   17.439825] raid6: sse2x2   gen() 10321 MB/s
[   17.551821] raid6: sse2x2   xor()  6349 MB/s
[   17.635813] raid6: sse2x4   gen() 10317 MB/s
[   17.711826] raid6: sse2x4   xor()  8393 MB/s
[   17.805351] raid6: using algorithm sse2x2 gen() 10321 MB/s
[   17.853578] raid6: .... xor() 6349 MB/s, rmw enabled
[   17.921184] raid6: using ssse3x2 recovery algorithm
[   18.015093] xor: automatically using best checksumming function:
[   18.111857]    avx       : 19524.000 MB/sec
[   18.153066] async_tx: api initialized (async)
[   18.185286] md: raid6 personality registered for level 6
[   18.248374] md: raid5 personality registered for level 5
[   18.320834] md: raid4 personality registered for level 4
[   18.373035] md: raid10 personality registered for level 10
done.
Begin: Running /scripts/i[   18.471737] Btrfs loaded
nit-premount ... done.
Begin: M[   18.542549] EXT4-fs (sda1): mounted filesystem with ordered data mode. Opts: (null)
ounting root file system ... Begin: Running /scripts/local-top ... done.
Begin: Running /scripts/local-premount ... Scanning for Btrfs filesystems
done.
Warning: fsck not present, so skipping root file system
done.
Begin: Running /scripts/local-bottom ... done.
Begin: Running /scripts/init-bottom ... done.
[   19.055157] systemd[1]: systemd 229 running in system mode. (+PAM +AUDIT +SELINUX +IMA +APPARMOR +SMACK +SYSVINIT +UTMP +LIBCRYPTSETUP +GCRYPT +GNUTLS +ACL +XZ -LZ4 +SECCOMP +BLKID +ELFUTILS +KMOD -IDN)
[   19.173258] systemd[1]: Detected virtualizatio  oracle.
[   19.410838] systemd[1]: Detected architecture x86-64.

Welcome to [1mUbuntu 16.04.2 LTS[0m!

[   19.508795] systemd[1]: Set hostname to <ubuntu-xenial>.
[   19.781416] systemd[1]: Set up automount Arbitrary Executable File Formats File System Automount Point.
[[0;32m  OK  [0m] Set up automount Arbitrary Executab...ats File System Automount Point.
[   20.288148] systemd[1]: Listening on udev Control Socket.
[[0;32m  OK  [0m] Listening on udev Control Socket.
[   20.760087] systemd[1]: Started Forward Password Requests to Wall Directory Watch.
[[0;32m  OK  [0m] Started Forward Password Requests to Wall Directory Watch.
[   20.848042] systemd[1]: Reached target User and Group Name Lookups.
[[0;32m  OK  [0m] Reached target User and Group Name Lookups.
[   20.944288] systemd[1]: Listening on LVM2 poll daemon socket.
[[0;32m  OK  [0m] Listening on LVM2 poll daemon socket.
[   21.016055] systemd[1]: Listening on Syslog Socket.
[[0;32m  OK  [0m] Listening on Syslog Socket.
[   21.092190] systemd[1]: Listening on Device-mapper event daemon FIFOs.
[[0;32m  OK  [0m] Listening on Device-mapper event daemon FIFOs.
[   21.276045] systemd[1]: Listening on LVM2 metadata daemon socket.
[[0;32m  OK  [0m] Listening on LVM2 metadata daemon socket.
[   21.364189] systemd[1]: Listening on Journal Socket.
[[0;32m  OK  [0m] Listening on Journal Socket.
[   21.476033] systemd[1]: Listening on udev Kernel Socket.
[[0;32m  OK  [0m] Listening on udev Kernel Socket.
[   21.536322] systemd[1]: Created slice System Slice.
[[0;32m  OK  [0m] Created slice System Slice.
[   21.600065] systemd[1]: Starting Set console keymap...
         Starting Set console keymap...
[   21.768249] systemd[1]: Starting Monitoring of LVM2 mirrors, snapshots etc. using dmeventd or progress polling...
         Starting Monitoring of LVM2 mirrors... dmeventd or progress polling...
[   21.868237] systemd[1]: Starting Create list of required static device nodes for the current kernel...
         Starting Create list of required st... nodes for the current kernel...
[   21.985881] random: nonblocking pool is initialized
[   22.168168] systemd[1]: Starting Load Kernel Modules...
[   22.191437] Loading iSCSI transport class v2.0-870.
         Startin[   22.199411] iscsi: registered transport (tcp)
g Load Kernel Modules...
[   22.230561] iscsi: registered transport (iser)
[   23.068440] systemd[1]: Starting Nameserver information manager...
         Starting Nameserver information manager...
[   23.412080] systemd[1]: Starting Uncomplicated firewall...
         Starting Uncomplicated firewall...
[   23.484126] systemd[1]: Mounting Huge Pages File System...
         Mounting Huge Pages File System...
[   23.643163] systemd[1]: Created slice User and Session Slice.
[[0;32m  OK  [0m] Created slice User and Session Slice.
[   23.812126] systemd[1]: Reached target Encrypted Volumes.
[[0;32m  OK  [0m] Reached target Encrypted Volumes.
[   24.000020] systemd[1]: Mounting POSIX Message Queue File System...
         Mounting POSIX Message Queue File System...
[   24.208135] systemd[1]: Reached target Swap.
[[0;32m  OK  [0m] Reached target Swap.
[   24.460203] systemd[1]: Listening on Journal Audit Socket.
[[0;32m  OK  [0m] Listening on Journal Audit Socket.
[   24.701146] systemd[1]: Started Trigger resolvconf update for networkd DNS.
[[0;32m  OK  [0m] Started Trigger resolvconf update for networkd DNS.
[   24.935995] systemd[1]: Reached target Slices.
[[0;32m  OK  [0m] Reached target Slices.
[   25.092059] systemd[1]: Mounting Debug File System...
         Mounting Debug File System...
[   25.276157] systemd[1]: Listening on /dev/initctl Compatibility Named Pipe.
[[0;32m  OK  [0m] Listening on /dev/initctl Compatibility Named Pipe.
[   25.364382] systemd[1]: Created slice system-serial\x2dgetty.slice.
[[0;32m  OK  [0m] Created slice system-serial\x2dgetty.slice.
[   25.416212] systemd[1]: Listening on Journal Socket (/dev/log).
[[0;32m  OK  [0m] Listening on Journal Socket (/dev/log).
[   25.472242] systemd[1]: Starting Journal Service...
         Starting Journal Service...
[   25.540284] systemd[1]: Starting Remount Root and Kernel File Systems...
[   25.544997] EXT4-fs (sda1): re-mounted. Opts: (null)
         Starting Remount Root and Kernel File Systems...
[   25.956913] systemd[1]: Mounted Huge Pages File System.
[[0;32m  OK  [0m] Mounted Huge Pages File System.
[   26.036035] systemd[1]: Mounted POSIX Message Queue File System.
[[0;32m  OK  [0m] Mounted POSIX Message Queue File System.
[   26.232112] systemd[1]: Mounted Debug File System.
[[0;32m  OK  [0m] Mounted Debug File System.
[   26.300106] systemd[1]: Started Journal Service.
[[0;32m  OK  [0m] Started Journal Service.
[[0;32m  OK  [0m] Started Set console keymap.
[[0;32m  OK  [0m] Started Create list of required sta...ce nodes for the current kernel.
[[0;32m  OK  [0m] Started Load Kernel Modules.
[[0;32m  OK  [0m] Started Uncomplicated firewall.
[[0;32m  OK  [0m] Started Remount Root and Kernel File Systems.
[[0;32m  OK  [0m] Started Nameserver information manager.
[[0;32m  OK  [0m] Started LVM2 metadata daemon.
         Starting Initial cloud-init job (pre-networking)...
         Starting Load/Save Random Seed...
         Starting udev Coldplug all Devices...
         Starting Apply Kernel Variables...
         Mounting FUSE Control File System...
         Starting Create Static Device Nodes in /dev...
         Starting Flush Journal to Persistent Storage...
[[0;32m  OK  [0m] Mounted FUSE Control File System.
[[0;32m  OK  [0m] Started Monitoring of LVM2 mirrors,...ng dmeventd or progress polling.
[[0;32m  OK  [0m] Started Load/Save Random Seed.
[[0;32m  OK  [0m] Started Apply Kernel Variables.
[[0;32m  OK  [0m] Started Create Static Device Nodes in /dev.
[[0;32m  OK  [0m] Started udev Coldplug all Devices.
[[0;32m  OK  [0m] Started Flush Journal to Persistent Storage.
         Starting udev Kernel Device Manager...
[[0;32m  OK  [0m] Started udev Kernel Device Manager.
[[0;32m  OK  [0m] Reached target Local File Systems (Pre).
[[0;32m  OK  [0m] Reached target Local File Systems.
[   25.761197] cloud-init[444]: Cloud-init v. 0.7.9 running 'init-local' at Thu, 13 Jul 2017 14:36:44 +0000. Up 25.47 seconds.
         Starting Set console font and keymap...
         Starting Create Volatile Files and Directories...
         Starting LSB: AppArmor initialization...
         Starting Tell Plymouth To Write Out Runtime Data...
[[0;32m  OK  [0m] Started Dispatch Password Requests to Console Directory Watch.
[[0;32m  OK  [0m] Started Set console font and keymap.
[[0;32m  OK  [0m] Started Create Volatile Files and Directories.
[[0;32m  OK  [0m] Started Tell Plymouth To Write Out Runtime Data.
[[0;32m  OK  [0m] Started Initial cloud-init job (pre-networking).
[[0;32m  OK  [0m] Found device /dev/ttyS0.
[[0;32m  OK  [0m] Listening on Load/Save RF Kill Switch Status /dev/rfkill Watch.
[[0;32m  OK  [0m] Reached target Network (Pre).
         Starting Update UTMP about System Boot/Shutdown...
[[0;32m  OK  [0m] Reached target System Time Synchronized.
[[0;32m  OK  [0m] Created slice system-getty.slice.
[[0;32m  OK  [0m] Started LSB: AppArmor initialization.
         Starting Raise network interfaces...
[[0;32m  OK  [0m] Started ifup for enp0s3.
[[0;32m  OK  [0m] Started Update UTMP about System Boot/Shutdown.
[[0;32m  OK  [0m] Started Raise network interfaces.
         Starting Initial cloud-init job (metadata service crawler)...
[[0;32m  OK  [0m] Reached target Network.
[   29.695424] cloud-init[968]: Cloud-init v. 0.7.9 running 'init' at Thu, 13 Jul 2017 14:36:48 +0000. Up 29.43 seconds.
[[0;32m  OK  [0m] Started Initial cloud-init job (metadata service crawler).
[[0;32m  OK  [0m] Reached target Cloud-config availability.
[[0;32m  OK  [0m] Reached target System Initialization.
[   29.874646] cloud-init[968]: ci-info: +++++++++++++++++++++++++++++++++++++Net device info++++++++++++++++++++++++++++++++++++++
[   30.476464] cloud-init[968]: ci-info: +--------+------+----------------------------+---------------+-------+-------------------+
[   30.804452] cloud-init[968]: ci-info: | Device |  Up  |          Address           |      Mask     | Scope |     Hw-Address    |
[   31.026776] cloud-init[968]: ci-info: +--------+------+----------------------------+---------------+-------+-------------------+
[   31.396680] cloud-init[968]: ci-info: |   lo   | True |         127.0.0.1          |   255.0.0.0   |   .   |         .         |
[   31.909252] cloud-init[968]: ci-info: |   lo   | True |          ::1/128           |       .       |  host |         .         |
[   31.909331] cloud-init[968]: ci-info: | enp0s3 | True |         10.0.2.15          | 255.255.255.0 |   .   | 02:6e:aa:4e:78:a9 |
[   31.909370] cloud-init[968]: ci-info: | enp0s3 | True | fe80::6e:aaff:fe4e:78a9/64 |       .       |  link | 02:6e:aa:4e:78:a9 |
[   31.909406] cloud-init[968]: ci-info: +--------+------+----------------------------+---------------+-------+-------------------+
[   31.909439] cloud-init[968]: ci-info: +++++++++++++++++++++++++++Route IPv4 info++++++++++++++++++++++++++++
[   31.909482] cloud-init[968]: ci-info: +-------+-------------+----------+---------------+-----------+-------+
[   31.909513] cloud-init[968]: ci-info: | Route | Destination | Gateway  |    Genmask    | Interface | Flags |
[   31.909543] cloud-init[968]: ci-info: +-------+-------------+----------+---------------+-----------+-------+
[   31.909575] cloud-init[968]: ci-info: |   0   |   0.0.0.0   | 10.0.2.2 |    0.0.0.0    |   enp0s3  |   UG  |
[   31.909605] cloud-init[968]: ci-info: |   1   |   10.0.2.0  | 0.0.0.0  | 255.255.255.0 |   enp0s3  |   U   |
[   31.909639] cloud-init[968]: ci-info: +-------+-------------+----------+---------------+-----------+-------+
         Starting LXD - unix socket.
[[0;32m  OK  [0m] Listening on ACPID Listen Socket.
[[0;32m  OK  [0m] Listening on UUID daemon activation socket.
[[0;32m  OK  [0m] Started ACPI Events Check.
[[0;32m  OK  [0m] Reached target Paths.
[[0;32m  OK  [0m] Started Timer to automatically refresh installed snaps.
         Starting Socket activation for snappy daemon.
[[0;32m  OK  [0m] Listening on D-Bus System Message Bus Socket.
[[0;32m  OK  [0m] Started Daily Cleanup of Temporary Directories.
[[0;32m  OK  [0m] Started Daily apt activities.
[[0;32m  OK  [0m] Reached target Timers.
[[0;32m  OK  [0m] Reached target Network is Online.
         Starting iSCSI initiator daemon (iscsid)...
[[0;32m  OK  [0m] Listening on LXD - unix socket.
[[0;32m  OK  [0m] Listening on Socket activation for snappy daemon.
[[0;32m  OK  [0m] Started iSCSI initiator daemon (iscsid).
         Starting Login to default iSCSI targets...
[[0;32m  OK  [0m] Reached target Sockets.
[[0;32m  OK  [0m] Reached target Basic System.
         Starting Accounts Service...
         Starting /etc/rc.local Compatibility...
         Starting OpenBSD Secure Shell server...
         Starting Apply the settings specified in cloud-config...
         Starting vboxadd.service...
[[0;32m  OK  [0m] Started ACPI event daemon.
[[0;32m  OK  [0m] Started D-Bus System Message Bus.
[[0;32m  OK  [0m] Started Snappy daemon.
[[0;32m  OK  [0m] Started Deferred execution scheduler.
[[0;32m  OK  [0m] Started Unattended Upgrades Shutdown.
[   37.317311] cloud-init[1035]: Cloud-init v. 0.7.9 running 'modules:config' at Thu, 13 Jul 2017 14:36:55 +0000. Up 37.19 seconds.
         Starting LSB: MD monitoring daemon...
[[0;32m  OK  [0m] Started FUSE filesystem for LXC.
         Starting LSB: Record successful boot for GRUB...
         Starting Auto import assertions from block devices...
[[0;32m  OK  [0m] Started Regular background program processing daemon.
         Starting vboxadd-x11.service...
         Starting Login Service...
         Starting System Logging Service...
         Starting LXD - container startup/shutdown...
[[0;32m  OK  [0m] Started OpenBSD Secure Shell server.
[[0;32m  OK  [0m] Started System Logging Service.
[[0;32m  OK  [0m] Started /etc/rc.local Compatibility.
[[0;32m  OK  [0m] Started Apply the settings specified in cloud-config.
[[0;32m  OK  [0m] Started vboxadd.service.
[[0;32m  OK  [0m] Started Auto import assertions from block devices.
[[0;32m  OK  [0m] Started vboxadd-x11.service.
[[0;32m  OK  [0m] Started LXD - container startup/shutdown.
[[0;32m  OK  [0m] Started Login to default iSCSI targets.
[[0;32m  OK  [0m] Started LSB: MD monitoring daemon.
[[0;32m  OK  [0m] Started LSB: Record successful boot for GRUB.
[[0;32m  OK  [0m] Started Login Service.
         Starting Authenticate and Authorize Users to Run Privileged Tasks...
[[0;32m  OK  [0m] Reached target Remote File Systems (Pre).
[[0;32m  OK  [0m] Reached target Remote File Systems.
         Starting LSB: Set the CPU Frequency Scaling governor to "ondemand"...
         Starting LSB: automatic crash report generation...
         Starting Permit User Sessions...
         Starting LSB: daemon to balance interrupts for SMP systems...
         Starting vboxadd-service.service...
[[0;32m  OK  [0m] Started Permit User Sessions.
[[0;32m  OK  [0m] Started vboxadd-service.service.
[[0;32m  OK  [0m] Started Authenticate and Authorize Users to Run Privileged Tasks.
[[0;32m  OK  [0m] Started Accounts Service.
[[0;32m  OK  [0m] Started LSB: Set the CPU Frequency Scaling governor to "ondemand".
[[0;32m  OK  [0m] Started LSB: automatic crash report generation.
[[0;32m  OK  [0m] Created slice User Slice of ubuntu.
[[0;32m  OK  [0m] Started Session 1 of user ubuntu.
         Starting User Manager for UID 1000...
         Starting Hold until boot process finishes up...
         Starting Terminate Plymouth Boot Screen...
[[0;32m  OK  [0m] Started User Manager for UID 1000.
[[0;32m  OK  [0m] Started LSB: daemon to balance interrupts for SMP systems.
[[0;32m  OK  [0m] Started Hold until boot process finishes up.
[[0;32m  OK  [0m] Started Terminate Plymouth Boot Screen.
[[0;32m  OK  [0m] Started Getty on tty1.
         Starting Set console scheme...
[[0;32m  OK  [0m] Started Serial Getty on ttyS0.
[[0;32m  OK  [0m] Reached target Login Prompts.
[[0;32m  OK  [0m] Reached target Multi-User System.
         Starting Execute cloud user/final scripts...
[[0;32m  OK  [0m] Reached target Graphical Interface.
         Starting Update UTMP about System Runlevel Changes...
[[0;32m  OK  [0m] Started Set console scheme.
[[0;32m  OK  [0m] Started Update UTMP about System Runlevel Changes.
[   41.127806] cloud-init[1252]: Cloud-init v. 0.7.9 running 'modules:final' at Thu, 13 Jul 2017 14:36:59 +0000. Up 40.98 seconds.
[   41.220748] [cloud-init[0;32m  OK  [0m[1252]: ] Cloud-init v. 0.7.9 finished at Thu, 13 Jul 2017 14:36:59 +0000. Datasource DataSourceNoCloud [seed=/dev/sdb][dsmode=net].  Up 41.11 secondsStarted Execute cloud user/final scripts.

[[0;32m  OK  [0m] Reached target Cloud-init target.

Ubuntu 16.04.2 LTS ubuntu-xenial ttyS0

ubuntu-xenial login: 