[  0.000000] Initializing cgroup subsys cpuset
[    0.000000] Initializing cgroup subsys cpu
[    0.000000] Initializing cgroup subsys cpuacct
[    0.000000] Linux version 4.4.0-83-generic (buildd@lgw01-29) (gcc version 5.4.0 20160609 (Ubuntu 5.4.0-6ubuntu1~16.04.4) ) #106-Ubuntu SMP Mon Jun 26 17:54:43 UTC 2017 (Ubuntu 4.4.0-83.106-generic 4.4.70)
[    0.000000] Command line: BOOT_IMAGE=/boot/vmlinuz-4.4.0-83-generic root=LABEL=cloudimg-rootfs ro console=tty1 console=ttyS0
[    0.000000] KERNEL supported cpus:
[    0.000000]   Intel GenuineIntel
[    0.000000]   AMD AuthenticAMD
[    0.000000]   Centaur CentaurHauls
[    0.000000] x86/fpu: xstate_offset[2]:  576, xstate_sizes[2]:  256
[    0.000000] x86/fpu: Supporting XSAVE feature 0x01: 'x87 floating point registers'
[    0.000000] x86/fpu: Supporting XSAVE feature 0x02: 'SSE registers'
[    0.000000] x86/fpu: Supporting XSAVE feature 0x04: 'AVX registers'
[    0.000000] x86/fpu: Enabled xstate features 0x7, context size is 832 bytes, using 'standard' format.
[    0.000000] x86/fpu: Using 'lazy' FPU context switches.
[    0.000000] e820: BIOS-provided physical RAM map:
[    0.000000] BIOS-e820: [mem 0x0000000000000000-0x000000000009fbff] usable
[    0.000000] BIOS-e820: [mem 0x000000000009fc00-0x000000000009ffff] reserved
[    0.000000] BIOS-e820: [mem 0x00000000000f0000-0x00000000000fffff] reserved
[    0.000000] BIOS-e820: [mem 0x0000000000100000-0x000000003ffeffff] usable
[    0.000000] BIOS-e820: [mem 0x000000003fff0000-0x000000003fffffff] ACPI data
[    0.000000] BIOS-e820: [mem 0x00000000fffc0000-0x00000000ffffffff] reserved
[    0.000000] NX (Execute Disable) protection: active
[    0.000000] SMBIOS 2.5 present.
[    0.000000] Hypervisor detected: KVM
[    0.000000] e820: last_pfn = 0x3fff0 max_arch_pfn = 0x400000000
[    0.000000] MTRR: Disabled
[    0.000000] x86/PAT: MTRRs disabled, skipping PAT initialization too.
[    0.000000] x86/PAT: Configuration [0-7]: WB  WT  UC- UC  WB  WT  UC- UC  
[    0.000000] CPU MTRRs all blank - virtualized system.
[    0.000000] found SMP MP-table at [mem 0x0009fff0-0x0009ffff] mapped at [ffff88000009fff0]
[    0.000000] Scanning 1 areas for low memory corruption
[    0.000000] RAMDISK: [mem 0x36ade000-0x37566fff]
[    0.000000] ACPI: Early table checksum verification disabled
[    0.000000] ACPI: RSDP 0x00000000000E0000 000024 (v02 VBOX  )
[    0.000000] ACPI: XSDT 0x000000003FFF0030 00003C (v01 VBOX   VBOXXSDT 00000001 ASL  00000061)
[    0.000000] ACPI: FACP 0x000000003FFF00F0 0000F4 (v04 VBOX   VBOXFACP 00000001 ASL  00000061)
[    0.000000] ACPI: DSDT 0x000000003FFF0470 001CEB (v01 VBOX   VBOXBIOS 00000002 INTL 20140214)
[    0.000000] ACPI: FACS 0x000000003FFF0200 000040
[    0.000000] ACPI: FACS 0x000000003FFF0200 000040
[    0.000000] ACPI: APIC 0x000000003FFF0240 00005C (v02 VBOX   VBOXAPIC 00000001 ASL  00000061)
[    0.000000] ACPI: SSDT 0x000000003FFF02A0 0001CC (v01 VBOX   VBOXCPUT 00000002 INTL 20140214)
[    0.000000] No NUMA configuration found
[    0.000000] Faking a node at [mem 0x0000000000000000-0x000000003ffeffff]
[    0.000000] NODE_DATA(0) allocated [mem 0x3ffeb000-0x3ffeffff]
[    0.000000] kvm-clock: Using msrs 4b564d01 and 4b564d00
[    0.000000] kvm-clock: cpu 0, msr 0:3ffe3001, primary cpu clock
[    0.000000] kvm-clock: using sched offset of 2998494224 cycles
[    0.000000] clocksource: kvm-clock: mask: 0xffffffffffffffff max_cycles: 0x1cd42e4dffb, max_idle_ns: 881590591483 ns
[    0.000000] Zone ranges:
[    0.000000]   DMA      [mem 0x0000000000001000-0x0000000000ffffff]
[    0.000000]   DMA32    [mem 0x0000000001000000-0x000000003ffeffff]
[    0.000000]   Normal   empty
[    0.000000]   Device   empty
[    0.000000] Movable zone start for each node
[    0.000000] Early memory node ranges
[    0.000000]   node   0: [mem 0x0000000000001000-0x000000000009efff]
[    0.000000]   node   0: [mem 0x0000000000100000-0x000000003ffeffff]
[    0.000000] Initmem setup node 0 [mem 0x0000000000001000-0x000000003ffeffff]
[    0.000000] ACPI: PM-Timer IO Port: 0x4008
[    0.000000] IOAPIC[0]: apic_id 2, version 17, address 0xfec00000, GSI 0-23
[    0.000000] ACPI: INT_SRC_OVR (bus 0 bus_irq 0 global_irq 2 dfl dfl)
[    0.000000] ACPI: INT_SRC_OVR (bus 0 bus_irq 9 global_irq 9 high level)
[    0.000000] Using ACPI (MADT) for SMP configuration information
[    0.000000] smpboot: Allowing 2 CPUs, 0 hotplug CPUs
[    0.000000] PM: Registered nosave memory: [mem 0x00000000-0x00000fff]
[    0.000000] PM: Registered nosave memory: [mem 0x0009f000-0x0009ffff]
[    0.000000] PM: Registered nosave memory: [mem 0x000a0000-0x000effff]
[    0.000000] PM: Registered nosave memory: [mem 0x000f0000-0x000fffff]
[    0.000000] e820: [mem 0x40000000-0xfffbffff] available for PCI devices
[    0.000000] Booting paravirtualized kernel on KVM
[    0.000000] clocksource: refined-jiffies: mask: 0xffffffff max_cycles: 0xffffffff, max_idle_ns: 7645519600211568 ns
[    0.000000] setup_percpu: NR_CPUS:512 nr_cpumask_bits:512 nr_cpu_ids:2 nr_node_ids:1
[    0.000000] PERCPU: Embedded 33 pages/cpu @ffff88003fc00000 s98264 r8192 d28712 u1048576
[    0.000000] PV qspinlock hash table entries: 256 (order: 0, 4096 bytes)
[    0.000000] Built 1 zonelists in Node order, mobility grouping on.  Total pages: 257913
[    0.000000] Policy zone: DMA32
[    0.000000] Kernel command line: BOOT_IMAGE=/boot/vmlinuz-4.4.0-83-generic root=LABEL=cloudimg-rootfs ro console=tty1 console=ttyS0
[    0.000000] PID hash table entries: 4096 (order: 3, 32768 bytes)
[    0.000000] Memory: 1001788K/1048120K available (8469K kernel code, 1294K rwdata, 3984K rodata, 1488K init, 1316K bss, 46332K reserved, 0K cma-reserved)
[    0.000000] SLUB: HWalign=64, Order=0-3, MinObjects=0, CPUs=2, Nodes=1
[    0.000000] Hierarchical RCU implementation.
[    0.000000] 	Build-time adjustment of leaf fanout to 64.
[    0.000000] 	RCU restricting CPUs from NR_CPUS=512 to nr_cpu_ids=2.
[    0.000000] RCU: Adjusting geometry for rcu_fanout_leaf=64, nr_cpu_ids=2
[    0.000000] NR_IRQS:33024 nr_irqs:440 16
[    0.000000] Console: colour VGA+ 80x25
[    0.000000] console [tty1] enabled
[    0.000000] console [ttyS0] enabled
[    0.000000] tsc: Detected 2394.456 MHz processor
[    0.676945] Calibrating delay loop (skipped) preset value.. 4788.91 BogoMIPS (lpj=9577824)
[    0.678610] pid_max: default: 32768 minimum: 301
[    0.679494] ACPI: Core revision 20150930
[    0.681262] ACPI: 2 ACPI AML tables successfully acquired and loaded
[    0.682519] Security Framework initialized
[    0.683366] Yama: becoming mindful.
[    0.684119] AppArmor: AppArmor initialized
[    0.685049] Dentry cache hash table entries: 131072 (order: 8, 1048576 bytes)
[    0.686467] Inode-cache hash table entries: 65536 (order: 7, 524288 bytes)
[    0.688247] Mount-cache hash table entries: 2048 (order: 2, 16384 bytes)
[    0.689449] Mountpoint-cache hash table entries: 2048 (order: 2, 16384 bytes)
[    0.690830] Initializing cgroup subsys io
[    0.691644] Initializing cgroup subsys memory
[    0.692519] Initializing cgroup subsys devices
[    0.693383] Initializing cgroup subsys freezer
[    0.694242] Initializing cgroup subsys net_cls
[    0.695125] Initializing cgroup subsys perf_event
[    0.696019] Initializing cgroup subsys net_prio
[    0.696906] Initializing cgroup subsys hugetlb
[    0.697764] Initializing cgroup subsys pids
[    0.703099] CPU: Physical Processor ID: 0
[    0.754332] CPU: Processor Core ID: 0
[    0.807390] mce: CPU supports 0 MCE banks
[    0.847682] Last level iTLB entries: 4KB 1024, 2MB 1024, 4MB 1024
[    0.848770] Last level dTLB entries: 4KB 1024, 2MB 1024, 4MB 1024, 1GB 4
[    0.851948] Freeing SMP alternatives memory: 32K (ffffffff820b9000 - ffffffff820c1000)
[    0.904173] ftrace: allocating 32129 entries in 126 pages
[    1.025047] smpboot: APIC(0) Converting physical 0 to logical package 0
[    1.151237] smpboot: Max logical packages: 1
[    1.188269] ..TIMER: vector=0x30 apic1=0 pin1=2 apic2=-1 pin2=-1
[    1.422597] smpboot: CPU0: Intel(R) Core(TM) i5-4210U CPU @ 1.70GHz (family: 0x6, model: 0x45, stepping: 0x1)
[    1.548056] Performance Events: unsupported p6 CPU model 69 no PMU driver, software events only.
[    1.549877] KVM setup paravirtual spinlock
[    1.551519] x86: Booting SMP configuration:
[    1.552364] .... node  #0, CPUs:      #1
[    1.553272] kvm-clock: cpu 1, msr 0:3ffe3041, secondary cpu clock
[    1.556533] mce: CPU supports 0 MCE banks
[    1.559088] x86: Booted up 1 node, 2 CPUs
[    1.568048] smpboot: Total of 2 processors activated (9577.82 BogoMIPS)
[    1.569669] devtmpfs: initialized
[    1.571974] evm: security.selinux
[    1.572710] evm: security.SMACK64
[    1.598038] evm: security.SMACK64EXEC
[    1.651044] evm: security.SMACK64TRANSMUTE
[    1.719286] evm: security.SMACK64MMAP
[    1.776787] evm: security.ima
[    1.847433] evm: security.capability
[    1.887024] clocksource: jiffies: mask: 0xffffffff max_cycles: 0xffffffff, max_idle_ns: 7645041785100000 ns
[    2.075873] futex hash table entries: 512 (order: 3, 32768 bytes)
[    2.123796] pinctrl core: initialized pinctrl subsystem
[    2.236633] RTC time: 14:50:29, date: 07/13/17
[    2.289312] NET: Registered protocol family 16
[    2.366641] cpuidle: using governor ladder
[    2.438803] cpuidle: using governor menu
[    2.455690] PCCT header not found.
[    2.480771] ACPI: bus type PCI registered
[    2.483797] acpiphp: ACPI Hot Plug PCI Controller Driver version: 0.5
[    2.485112] PCI: Using configuration type 1 for base access
[    2.499678] ACPI: Added _OSI(Module Device)
[    2.503483] ACPI: Added _OSI(Processor Device)
[    2.504345] ACPI: Added _OSI(3.0 _SCP Extensions)
[    2.505275] ACPI: Added _OSI(Processor Aggregator Device)
[    2.506975] ACPI: Executed 1 blocks of module-level executable AML code
[    2.511213] ACPI: Interpreter enabled
[    2.516602] ACPI: (supports S0 S5)
[    2.519499] ACPI: Using IOAPIC for interrupt routing
[    2.520612] PCI: Using host bridge windows from ACPI; if necessary, use "pci=nocrs" and report a bug
[    2.526575] ACPI: PCI Root Bridge [PCI0] (domain 0000 [bus 00-ff])
[    2.528815] acpi PNP0A03:00: _OSC: OS supports [ASPM ClockPM Segments MSI]
[    2.532134] acpi PNP0A03:00: _OSC failed (AE_NOT_FOUND); disabling ASPM
[    2.533350] acpi PNP0A03:00: fail to add MMCONFIG information, can't access extended PCI configuration space under this bridge.
[    2.535677] PCI host bridge to bus 0000:00
[    2.539812] pci_bus 0000:00: root bus resource [io  0x0000-0x0cf7 window]
[    2.568290] pci_bus 0000:00: root bus resource [io  0x0d00-0xffff window]
[    2.704498] pci_bus 0000:00: root bus resource [mem 0x000a0000-0x000bffff window]
[    2.841135] pci_bus 0000:00: root bus resource [mem 0x40000000-0xffdfffff window]
[    2.983950] pci_bus 0000:00: root bus resource [bus 00-ff]
[    3.088324] pci 0000:00:01.1: legacy IDE quirk: reg 0x10: [io  0x01f0-0x01f7]
[    3.128019] pci 0000:00:01.1: legacy IDE quirk: reg 0x14: [io  0x03f6]
[    3.129151] pci 0000:00:01.1: legacy IDE quirk: reg 0x18: [io  0x0170-0x0177]
[    3.130332] pci 0000:00:01.1: legacy IDE quirk: reg 0x1c: [io  0x0376]
[    3.271202] ACPI: PCI Interrupt Link [LNKA] (IRQs 5 9 10 11) *0, disabled.
[    3.280928] ACPI: PCI Interrupt Link [LNKB] (IRQs 5 9 10 *11)
[    3.291722] ACPI: PCI Interrupt Link [LNKC] (IRQs 5 9 *10 11)
[    3.293197] ACPI: PCI Interrupt Link [LNKD] (IRQs 5 *9 10 11)
[    3.294677] ACPI: Enabled 2 GPEs in block 00 to 07
[    3.296146] vgaarb: setting as boot device: PCI:0000:00:02.0
[    3.351614] vgaarb: device added: PCI:0000:00:02.0,decodes=io+mem,owns=io+mem,locks=none
[    3.532674] vgaarb: loaded
[    3.546556] vgaarb: bridge control possible 0000:00:02.0
[    3.552886] SCSI subsystem initialized
[    3.567998] ACPI: bus type USB registered
[    3.568864] usbcore: registered new interface driver usbfs
[    3.569856] usbcore: registered new interface driver hub
[    3.570841] usbcore: registered new device driver usb
[    3.572138] PCI: Using ACPI for IRQ routing
[    3.573271] NetLabel: Initializing
[    3.573998] NetLabel:  domain hash size = 128
[    3.575918] NetLabel:  protocols = UNLABELED CIPSOv4
[    3.619666] NetLabel:  unlabeled traffic allowed by default
[    3.706724] amd_nb: Cannot enumerate AMD northbridges
[    3.707720] clocksource: Switched to clocksource kvm-clock
[    3.716086] AppArmor: AppArmor Filesystem Enabled
[   3.777953] pnp: PnP ACPI init
[   .802202] pnp: nP ACPI: found 3 devices

[   .84176] clocksource: acpi_pm: mask: 0xffffff max_cycles: 0xffffff, max_idle_ns: 2085701024 ns
[    3.955192] NET: Registered protocol family 2

[    3.956228] TCP established hash table entries: 8192 (order: 4, 65536 bytes)
[    4.156599] TCP bind hash table entries: 8192 (order: 5, 131072 bytes)
[  41844 TP:astaesongud stlied81 bd 19
    4.962591] UDP hash table entries: 512 (order: 2, 16384 bytes)
[  57686UDLi hh blenie 5 (de 2164 te)
[    5.993818] NET: Registered protocol family 1
[  6679]ci00000. LitngirctCICItrsfs   6.913802] pci 0000:00:01.0: Activating ISA DMA hang workarounds
  7.70] pain initramfs...
[    9.373908] Freeing initrd memory: 10788K (ffff880036ade000 - ffff880037567000)
[    9.427234] RAPL PMU detected, API unit is 2^-32 Joules, 4 fixed counters 10737418240 ms ovfl timer
[    9.586755] hw unit of domain pp0-core 2^-0 Joules
[    9.588756] hw unit of domain package 2^-0 Joules
[    9.589639] hw unit of domain dram 2^-0 Joules
[    9.590485] hw unit of domain pp1-gpu 2^-0 Joules
[    9.591438] platform rtc_cmos: registered platform RTC device (no PNP device found)
[    9.593079] Scanning for low memory corruption every 60 seconds
[    9.649059] audit: initializing netlink subsys (disabled)
[    9.734672] audit: type=2000 audit(1499957437.829:1): initialized
[    9.832592] Initialise system trusted keyring
[    9.922810] HugeTLB registered 2 MB page size, pre-allocated 0 pages
[    9.939550] zbud: loaded
[    9.940584] VFS: Disk quotas dquot_6.6.0
[    9.992394] VFS: Dquot-cache hash table entries: 512 (order 0, 4096 bytes)
[   10.002663] squashfs: version 4.0 (2009/01/31) Phillip Lougher
[   10.041096] fuse init (API version 7.23)
[   10.042127] Key type big_key registered
[   10.042929] Allocating IMA MOK and blacklist keyrings.
[   10.047512] Key type asymmetric registered
[   10.118563] Asymmetric key parser 'x509' registered
[   10.217520] Block layer SCSI generic (bsg) driver version 0.4 loaded (major 249)
[   10.313477] io scheduler noop registered
[   10.316529] io scheduler deadline registered (default)
[   10.317519] io scheduler cfq registered
[   10.318428] pci_hotplug: PCI Hot Plug PCI Core version: 0.5
[   10.319427] pciehp: PCI Express Hot Plug Controller Driver version: 0.4
[   10.320744] ACPI: AC Adapter [AC] (on-line)
[   10.321641] input: Power Button as /devices/LNXSYSTM:00/LNXPWRBN:00/input/input0
[   10.323103] ACPI: Power Button [PWRF]
[   10.323969] input: Sleep Button as /devices/LNXSYSTM:00/LNXSLPBN:00/input/input1
[   10.326999] ACPI: Sleep Button [SLPF]
[   10.328045] GHES: HEST is not enabled!
[   10.328745] ACPI: Battery Slot [BAT0] (battery present)
[   10.449183] Serial: 8250/16550 rir,2 rt I sri ebl
[   10.975218] tsc: Refined TSC clocksource calibration: 2393.922 MHz
[   10.996941] clocksource: tsc: mask: 0xffffffffffffffff max_cycles: 0x2281c9ba2ba, max_idle_ns: 440795208493 ns
[   11.019570] 00:02: ttyS0 at I/O 0x3f8 (irq = 0, base_baud = 115200) is a 16550A
[   11.028480] Linux agpgart interface v0.103
[   11.038622] loop: module loaded
[   11.077296] scsi host0: ata_piix
[   11.126662] scsi host1: ata_piix
[   11.196590] ata1: PATA max UDMA/33 cmd 0x1f0 ctl 0x3f6 bmdma 0xd000 irq 14
[   11.336850] ata2: PATA max UDMA/33 cmd 0x170 ctl 0x376 bmdma 0xd008 irq 15
[   11.338147] libphy: Fixed MDIO Bus: probed
[   11.356781] tun: Universal TUN/TAP device driver, 1.6
[   11.376639] tun: (C) 1999-2004 Max Krasnyansky <maxk@qualcomm.com>
[   11.377787] PPP generic driver version 2.4.2
[   11.378690] ehci_hcd: USB 2.0 'Enhanced' Host Controller (EHCI) Driver
[   11.379815] ehci-pci: EHCI PCI platform driver
[   11.380747] ehci-platform: EHCI generic platform driver
[   11.386809] ohci_hcd: USB 1.1 'Open' Host Controller (OHCI) Driver
[   11.387877] ohci-pci: OHCI PCI platform driver
[   11.388778] ohci-platform: OHCI generic platform driver
[   11.389733] uhci_hcd: USB Universal Host Controller Interface driver
[   11.390884] i8042: PNP: PS/2 Controller [PNP0303:PS2K,PNP0f03:PS2M] at 0x60,0x64 irq 1,12
[   11.393003] serio: i8042 KBD port at 0x60,0x64 irq 1
[   11.556427] serio: i8042 AUX port at 0x60,0x64 irq 12
[   11.786689] mousedev: PS/2 mouse device common for all mice
[   11.790549] rtc_cmos rtc_cmos: rtc core: registered rtc_cmos as rtc0
[   12.176942] input: AT Translated Set 2 keyboard as /devices/platform/i8042/serio0/input/input2
[   12.208657] rtc_cmos rtc_cmos: alarms up to one day, 114 bytes nvram
[   12.209941] i2c /dev entries driver
[   12.210768] device-mapper: uevent: version 1.0.3
[   12.211833] device-mapper: ioctl: 4.34.0-ioctl (2015-10-28) initialised: dm-devel@redhat.com
[   12.213566] ledtrig-cpu: registered to indicate activity on CPUs
[   12.215509] NET: Registered protocol family 10
[   12.220942] NET: Registered protocol family 17
[   12.224793] Key type dns_resolver registered
[   12.226967] microcode: CPU0 sig=0x40651, pf=0x2, revision=0x19
[   12.228113] microcode: CPU1 sig=0x40651, pf=0x2, revision=0x19
[   12.232987] microcode: Microcode Update Driver: v2.01 <tigran@aivazian.fsnet.co.uk>, Peter Oruba
[   12.239124] registered taskstats version 1
[   12.241088] Loading compiled-in X.509 certificates
[   12.242683] Loaded X.509 cert 'Build time autogenerated kernel key: 35105354eb779045e4d9ad793dead39d5ee93f76'
[   12.244616] zswap: loaded using pool lzo/zbud
[   12.248914] Key type trusted registered
[   12.256419] Key type encrypted registered
[   12.260643] AppArmor: AppArmor sha1 policy hashing enabled
[   12.264802] ima: No TPM chip found, activating TPM-bypass!
[   12.265855] evm: HMAC attrs: 0x1
[   12.266967]   Magic number: 9:255:839
[   12.269016] rtc_cmos rtc_cmos: setting system clock to 2017-07-13 14:50:39 UTC (1499957439)
[   12.270858] BIOS EDD facility v0.16 2004-Jun-25, 0 devices found
[   12.273083] EDD information not available.
[   12.275201] Freeing unused kernel memory: 1488K (ffffffff81f45000 - ffffffff820b9000)
[   12.277870] Write protecting the kernel read-only data: 14336k
[   12.279678] Freeing unused kernel memory: 1760K (ffff880001848000 - ffff880001a00000)
[   12.281660] Freeing unused kernel memory: 112K (ffff880001de4000 - ffff880001e00000)
Loading, please [   12.296887] random: systemd-udevd: uninitialized urandom read (16 bytes read, 2 bits of entropy available)
wait...
startin[   12.297665] random: udevadm: uninitialized urandom read (16 bytes read, 2 bits of entropy available)
[   12.297705] random: udevadm: uninitialized urandom read (16 bytes read, 2 bits of entropy available)
[   12.297837] random: udevadm: uninitialized urandom read (16 bytes read, 2 bits of entropy available)
g version 229
[   12.297884] random: udevadm: uninitialized urandom read (16 bytes read, 2 bits of entropy available)
[   12.297929] random: udevadm: uninitialized urandom read (16 bytes read, 2 bits of entropy available)
[   12.297973] random: udevadm: uninitialized urandom read (16 bytes read, 2 bits of entropy available)
[   12.298017] random: udevadm: uninitialized urandom read (16 bytes read, 2 bits of entropy available)
[   12.298058] random: udevadm: uninitialized urandom read (16 bytes read, 2 bits of entropy available)
[   12.298098] random: udevadm: uninitialized urandom read (16 bytes read, 2 bits of entropy available)
[   12.454540] Fusion MPT base driver 3.04.20
[   12.472911] Copyright (c) 1999-2008 LSI Corporation
[   12.481874] e1000: Intel(R) PRO/1000 Network Driver - version 7.3.21-k8-NAPI
[   12.490263] e1000: Copyright (c) 1999-2006 Intel Corporation.
[   12.526902] Fusion MPT SPI Host driver 3.04.20
[   12.555252] AVX version of gcm_enc/dec engaged.
[   12.565402] AES CTR mode by8 optimization enabled
[   12.568171] mptbase: ioc0: Initiating bringup
[   12.747599] input: ImExPS/2 Generic Explorer Mouse as /devices/platform/i8042/serio1/input/input4
[   12.860108] ioc0: LSI53C1030 A0: Capabilities={Initiator}
[   13.378029] scsi host2: ioc0: LSI53C1030 A0, FwRev=00000000h, Ports=1, MaxQ=256, IRQ=20
[   13.848413] scsi 2:0:0:0: Direct-Access     VBOX     HARDDISK         1.0  PQ: 0 ANSI: 5
[   14.153204] scsi target2:0:0: Beginning Domain Validation
[   14.251187] scsi target2:0:0: Domain Validation skipping write tests
[   14.252361] scsi target2:0:0: Ending Domain Validation
[   14.253388] scsi target2:0:0: asynchronous
[   14.254827] scsi 2:0:1:0: Direct-Access     VBOX     HARDDISK         1.0  PQ: 0 ANSI: 5
[   14.256462] scsi target2:0:1: Beginning Domain Validation
[   14.268304] scsi target2:0:1: Domain Validation skipping write tests
[   14.270631] scsi target2:0:1: Ending Domain Validation
[   14.271758] scsi target2:0:1: asynchronous
[   14.317528] sd 2:0:0:0: Attached scsi generic sg0 type 0
[   14.324702] sd 2:0:0:0: [sda] 20971520 512-byte logical blocks: (10.7 GB/10.0 GiB)
[   14.328924] sd 2:0:0:0: [sda] Write Protect is off
[   14.351588] sd 2:0:1:0: Attached scsi generic sg1 type 0
[   14.365782] sd 2:0:1:0: [sdb] 20480 512-byte logical blocks: (10.5 MB/10.0 MiB)
[   14.368945] sd 2:0:0:0: [sda] Incomplete mode parameter data
[   14.371175] sd 2:0:0:0: [sda] Assuming drive cache: write through
[   14.372444] sd 2:0:1:0: [sdb] Write Protect is off
[   14.376117] sd 2:0:1:0: [sdb] Incomplete mode parameter data
[   14.383715] sd 2:0:1:0: [sdb] Assuming drive cache: write through
[   14.391931]  sda: sda1
[   14.394565] sd 2:0:0:0: [sda] Attached SCSI disk
[   14.397832] sd 2:0:1:0: [sdb] Attached SCSI disk
[   14.607414] e1000 0000:00:03.0 eth0: (PCI:33MHz:32-bit) 02:6e:aa:4e:78:a9
[   14.613983] e1000 0000:00:03.0 eth0: Intel(R) PRO/1000 Network Connection
[   15.017588] e1000 0000:00:08.0 eth1: (PCI:33MHz:32-bit) 08:00:27:1f:25:69
[   15.027007] e1000 0000:00:08.0 eth1: Intel(R) PRO/1000 Network Connection
[   15.028991] e1000 0000:00:08.0 enp0s8: renamed from eth1
[   15.052178] e1000 0000:00:03.0 enp0s3: renamed from eth0
[   15.476213] floppy0: no floppy controllers found
Begin: Loading e[   17.458992] md: linear personality registered for level -1
ssential drivers[   17.483825] md: multipath personality registered for level -4
 ... [   17.498939] md: raid0 personality registered for level 0
[   17.507880] md: raid1 personality registered for level 1
[   17.615782] raid6: sse2x1   gen()  6836 MB/s
[   17.687741] raid6: sse2x1   xor()  6416 MB/s
[   17.827773] raid6: sse2x2   gen()  9828 MB/s
[   17.899782] raid6: sse2x2   xor()  6764 MB/s
[   17.979783] raid6: sse2x4   gen() 12072 MB/s
[   18.051766] raid6: sse2x4   xor()  8412 MB/s
[   18.166067] raid6: using algorithm sse2x4 gen() 12072 MB/s
[   18.273728] raid6: .... xor() 8412 MB/s, rmw enabled
[   18.274665] raid6: using ssse3x2 recovery algorithm
[   18.277096] xor: automatically using best checksumming function:
[   18.319776]    avx       : 20815.000 MB/sec
[   18.328505] async_tx: api initialized (async)
[   18.419727] md: raid6 personality registered for level 6
[   18.426289] md: raid5 personality registered for level 5
[   18.427407] md: raid4 personality registered for level 4
[   18.442489] md: raid10 personality registered for level 10
done.
Begin: Ru[   18.534788] Btrfs loaded
nning /scripts/init-premount ... done.
Begin: Mounting root fil[   18.687623] EXT4-fs (sda1): mounted filesystem with ordered data mode. Opts: (null)
e system ... Begin: Running /scripts/local-top ... done.
Begin: Running /scripts/local-premount ... Scanning for Btrfs filesystems
done.
Warning: fsck not present, so skipping root file system
done.
Begin: Running /scripts/local-bottom ... done.
Begin: Running /scripts/init-bottom ... done.
[   19.063211] systemd[1]: systemd 229 running in system mode. (+PAM +AUDIT +SELINUX +IMA +APPARMOR +SMACK +SYSVINIT +UTMP +LIBCRYPTSETUP +GCRYPT +GNUTLS +ACL +XZ -LZ4 +SECCOMP +BLKID +ELFUTILS +KMOD -IDN)
[   19.203151] systemd[1]: Detected virtualization oracle.
[   19.205290] systemd[1]: Detected architecture x86-64.

Welcome to [1mUbuntu 16.04.2 LTS[0m!

[   19.260558] systemd[1]: Set hostname to <ubuntu-xenial>.
[   19.419265] systemd[1]: Reached target User and Group Name Lookups.
[[0;32m  OK  [0m] Reached target User and Group Name Lookups.
[   19.480006] systemd[1]: Listening on udev Control Socket.
[[0;32m  OK  [0m] Listening on udev Control Socket.
[   19.572067] systemd[1]: Listening on /dev/initctl Compatibility Named Pipe.
[[0;32m  OK  [0m] Listening on /dev/initctl Compatibility Named Pipe.
[ 19643]syem1]Listening on Journalocet.
[[0;32m  OK  [0m] Listening on Journal Socket.
[ 20261]systemd[1]: Set p tounArtry ecab Fe rms File System Automount Point.
[[0;32m  OK  [0m] Set up automount Arbitrary Executab...ats File System Automount Point.
[   21.184079] systemd[1]: Listening on Journal Socket (/dev/log).
[[0;32m  OK  [0m] Listening on Journal Socket (/dev/log).
[   21.260055] systemd[1]: Reached target Encrypd lus.
[[0;32m  OK  [0m] Reached target Encrypted Volumes.
[   21.7241]ysmd]: istening on SyloSoet

[[0;32m  OK  [0m] Listening on Syslog Socket.
[ 22368]systemd[1]: Created slice User and Session Slice.
[[0;32m  OK  [0m] Created slice User and Session Slice.
[ 22764]ysmd]:eaedtarget Swap.
[[0;32m  OK  [0m] Reached target Swap.
[   23.052105] ste[1 Ltengn LVM2 poll daemon socket.
[[0;32m  OK  [0m] Listening on LVM2 poll daemon socket.
[   23.600106] systemd[1]: Started Forward PassworRees t Wall Directory Watch.
[[0;32m  OK  [0m] Started Forward Password Requests to Wall Directory Watch.
[ 24482]ystemd]: Listening on Journal Audit Socket

[[0;32m  OK  [0m] Listening on Journal Audit Socket.
[   24.700002] systemd[1]: Listening on Device-mapper event daemon FIFOs.
[[0;32m  OK  [0m] Listening on Device-mapper event daemon FIFOs.
[   4.6165] systemd[1]: Started Triggerelvnfpde r neor D. [[0;32m  OK  [0m] Started Trigger resolvconf update for networkd DNS.
[ 25664386] systemd[1]: Created slice System Slice.

[[0;32m  OK  [0m] Created slice System Slice.
[   25.788160] systemd[1]: Starting Create list of required static device nodes for the current kernel...
         Starting Create list of required st... nodes for the current kernel...
[   26.168098] systemd[1]: Starting Uncomplicated firewall...
         Starting Uncomplicated firewall...
[   26.300027] systemd[1]: Mounting Huge Pages File System...
         Mounting Huge Pages File System...
[   26.452000] systemd[1]: Mounting POSIX Message Queue File System...
         Mounting POSIX Message Queue File System...
[   26.540062] systemd[1]: Mounting Debug File System...
         Mounting Debug File System...
[ 26968]ysmd]: Reached target Slices.
[[0;32m  OK  [0m] Reached target Slices.
[   27.068101] systemd[1]: Starting Journal Service...
         Starting Journal Service...
[   27.120091] systemd[1]: Starting Load Kernel Modules...
[   27.139540] Loading iSCSI transport class v2.0-870.
[   27.357595] random: nonblocking pool is initialized
         Startin[   27.644170] iscsi: registered transport (tcp)
g Load Kernel Modules...
[   27.776970] systemd[1]: Created slice system-serial\x2dgetty.slice.
[[0;32m  OK  [[   27.957660] iscsi: registered transport (iser)
0m] Created slice system-serial\x2dgetty.slice.
[ 28.166179] systemd[1]: Starting Remount Root and Kernel File Systems...

[   28.217777] EXT4-fs (sda1): re-mounted. Opts: (null)
         Starting Remount Root and Kernel File Systems...
[   28.627155] systemd[1]: Starting Nameserver information manager...
         Starting Nameserver information manager...
[ 28756164] systemd[1]: Listening on LVM2 metadata daemon socket.
 [[0;32m  OK  [0m] Listening on LVM2 metadata daemon socket.
[   29.068107] systemd[1]: Starting Monitoring of LVM2 mirrors, snapshots etc. using dmeventd or progress polling...
         Starting Monitoring of LVM2 mirrors... dmeventd or progress polling...
[   29.132137] systemd[1]: Listening on udev Kernel Socket.
[[0;32m  OK  [0m] Listening on udev Kernel Socket.
[   29.228046] systemd[1]: Starting Set console keymap...
         Starting Set console keymap...
[   29.336907] systemd[1]: Mounted Huge Pages File System.
[[0;32m  OK  [0m] Mounted Huge Pages File System.
[ 29086]systd[]:ouedOS Msage Queue File System.
[[0;32m  OK  [0m] Mounted POSIX Message Queue File System.
[ 30867]ysmd]:ouedebg File System.
[[0;32m  OK  [0m] Mounted Debug File System.
[   30.712198] systemd[1]: Started Journal Service.
[[0;32m  OK  [0m] Started Journal Service.
[[0;32m  OK  [0m] Started Create list of required sta...ce nodes for the current kernel.
[[0;32m  OK  [0m] Started Uncomplicated firewall.
[[0;32m  OK  [0m] Started Load Kernel Modules.
[[0;32m  OK  [0m] Started Remount Root and Kernel File Systems.
[[0;32m  OK  [0m] Started Set console keymap.
[[0;32m  OK  [0m] Started Nameserver information manager.
[[0;32m  OK  [0m] Started LVM2 metadata daemon.
         Starting Initial cloud-init job (pre-networking)...
         Starting Load/Save Random Seed...
         Starting udev Coldplug all Devices...
         Mounting FUSE Control File System...
         Starting Apply Kernel Variables...
         Starting Create Static Device Nodes in /dev...
         Starting Flush Journal to Persistent Storage...
[[0;32m  OK  [0m] Mounted FUSE Control File System.
[[0;32m  OK  [0m] Started Monitoring of LVM2 mirrors,...ng dmeventd or progress polling.
[[0;32m  OK  [0m] Started Load/Save Random Seed.
[[0;32m  OK  [0m] Started Apply Kernel Variables.
[[0;32m  OK  [0m] Started Create Static Device Nodes in /dev.
[[0;32m  OK  [0m] Started udev Coldplug all Devices.
[[0;32m  OK  [0m] Started Flush Journal to Persistent Storage.
[   29.485070] cloud-init[444]: Cloud-init v. 0.7.9 running 'init-local' at Thu, 13 Jul 2017 14:50:59 +0000. Up 29.25 seconds.
         Starting udev Kernel Device Manager...
[[0;32m  OK  [0m] Started udev Kernel Device Manager.
[[0;32m  OK  [0m] Started Initial cloud-init job (pre-networking).
[[0;32m  OK  [0m] Found device /dev/ttyS0.
[[0;32m  OK  [0m] Listening on Load/Save RF Kill Switch Status /dev/rfkill Watch.
[[0;32m  OK  [0m] Reached target Network (Pre).
[[0;32m  OK  [0m] Reached target Local File Systems (Pre).
[[0;32m  OK  [0m] Reached target Local File Systems.
         Starting Set console font and keymap...
         Starting Create Volatile Files and Directories...
         Starting LSB: AppArmor initialization...
         Starting Tell Plymouth To Write Out Runtime Data...
[[0;32m  OK  [0m] Started Dispatch Password Requests to Console Directory Watch.
[[0;32m  OK  [0m] Started Set console font and keymap.
[[0;32m  OK  [0m] Started Create Volatile Files and Directories.
[[0;32m  OK  [0m] Started Tell Plymouth To Write Out Runtime Data.
[[0;32m  OK  [0m] Reached target System Time Synchronized.
         Starting Update UTMP about System Boot/Shutdown...
[[0;32m  OK  [0m] Created slice system-getty.slice.
[[0;32m  OK  [0m] Started LSB: AppArmor initialization.
         Starting Raise network interfaces...
[[0;32m  OK  [0m] Started ifup for enp0s3.
[[0;32m  OK  [0m] Started ifup for enp0s8.
[[0;32m  OK  [0m] Started Update UTMP about System Boot/Shutdown.
[[0;32m  OK  [0m] Started Raise network interfaces.
         Starting Initial cloud-init job (metadata service crawler)...
[[0;32m  OK  [0m] Reached target Network.
[   33.439570] cloud-init[996]: Cloud-init v. 0.7.9 running 'init' at Thu, 13 Jul 2017 14:51:03 +0000. Up 33.18 seconds.
[[0;32m  OK  [0m] Started Initial cloud-init job (metadata service crawler).
[[0;32m  OK  [0m] Reached target Cloud-config availability.
[[0;32m  OK  [0m] Reached target Network is Online.
[   33.545946] cloud-init[996]: ci-info: ++++++++++++++++++++++++++++++++++++++Net device info++++++++++++++++++++++++++++++++++++++
[   33.792259] cloud-init[996]: ci-info: +--------+------+-----------------------------+---------------+-------+-------------------+
[   33.936330] cloud-init[996]: ci-info: | Device |  Up  |           Address           |      Mask     | Scope |     Hw-Address    |
[   34.040281] cloud-init[996]: ci-info: +--------+------+-----------------------------+---------------+-------+-------------------+
         Starting iSCSI initiator daemon (iscsid)...
[[0;32m  OK  [0m] Reached target System Initialization.
[[0;32m  OK  [0m] Listening on D-Bus System Message Bus Socket.
[   34.162858] cloud-init[996]: ci-info: |   lo   | True |          127.0.0.1          |   255.0.0.0   |   .   |         .         |
[   34.456325] cloud-init[996]: ci-info: |   lo   | True |           ::1/128           |       .       |  host |         .         |
[   34.600384] cloud-init[996]: ci-info: | enp0s8 | True |        192.168.10.11        | 255.255.255.0 |   .   | 08:00:27:1f:25:69 |
[   34.728321] cloud-init[996]: ci-info: | enp0s8 | True | fe80::a00:27ff:fe1f:2569/64 |       .       |  link | 08:00:27:1f:25:69 |
[   34.816215] cloud-init[996]: ci-info: | enp0s3 | True |          10.0.2.15          | 255.255.255.0 |   .   | 02:6e:aa:4e:78:a9 |
[   34.912419] cloud-init[996]: ci-info: | enp0s3 | True |  fe80::6e:aaff:fe4e:78a9/64 |       .       |  link | 02:6e:aa:4e:78:a9 |
[   34.992350] cloud-init[996]: ci-info: +--------+------+-----------------------------+---------------+-------+-------------------+
         Starting LXD - unix socket.
         Starting Socket activation for snappy daemon.
[[0;32m  OK  [0m] Listening on UUID daemon activation socket.
[   35.122537] cloud-init[996]: ci-info: ++++++++++++++++++++++++++++Route IPv4 info++++++++++++++++++++++++++++
[   35.360380] cloud-init[996]: ci-info: +-------+--------------+----------+---------------+-----------+-------+
[   35.432425] cloud-init[996]: ci-info: | Route | Destination  | Gateway  |    Genmask    | Interface | Flags |
[   35.512377] cloud-init[996]: ci-info: +-------+--------------+----------+---------------+-----------+-------+
[   35.640333] cloud-init[996]: ci-info: |   0   |   0.0.0.0    | 10.0.2.2 |    0.0.0.0    |   enp0s3  |   UG  |
[   35.728420] cloud-init[996]: ci-info: |   1   |   10.0.2.0   | 0.0.0.0  | 255.255.255.0 |   enp0s3  |   U   |
[   35.848578] cloud-init[996]: ci-info: |   2   | 192.168.10.0 | 0.0.0.0  | 255.255.255.0 |   enp0s8  |   U   |
[[0;32m  OK  [0m] Started Timer to automatically refresh installed snaps.
[[0;32m  OK  [0m] Listening on ACPID Listen Socket.
[[0;32m  OK  [0m] Started Daily Cleanup of Temporary Directories.
[[0;32m  OK  [0m] Started Daily apt activities.
[[0;32m  OK  [0m] Reached target Timers.
[   35.930695] cloud-init[996]: ci-info: +-------+--------------+----------+---------------+-----------+-------+
[[0;32m  OK  [0m] Started ACPI Events Check.
[[0;32m  OK  [0m] Reached target Paths.
[[0;32m  OK  [0m] Listening on LXD - unix socket.
[[0;32m  OK  [0m] Listening on Socket activation for snappy daemon.
[[0;32m  OK  [0m] Started iSCSI initiator daemon (iscsid).
         Starting Login to default iSCSI targets...
[[0;32m  OK  [0m] Reached target Sockets.
[[0;32m  OK  [0m] Reached target Basic System.
         Starting /etc/rc.local Compatibility...
         Starting System Logging Service...
         Starting LSB: Record successful boot for GRUB...
[[0;32m  OK  [0m] Started Unattended Upgrades Shutdown.
[[0;32m  OK  [0m] Started FUSE filesystem for LXC.
[[0;32m  OK  [0m] Started Deferred execution scheduler.
[[0;32m  OK  [0m] Started D-Bus System Message Bus.
         Starting Accounts Service...
         Starting vboxadd.service...
         Starting vboxadd-x11.service...
         Starting Login Service...
         Starting Apply the settings specified in cloud-config...
[[0;32m  OK  [0m] Started ACPI event daemon.
         Starting OpenBSD Secure Shell server...
[   37.814872] cloud-init[1122]: Cloud-init v. 0.7.9 running 'modules:config' at Thu, 13 Jul 2017 14:51:08 +0000. Up 37.73 seconds.
[[0;32m  OK  [0m] Started Regular background program processing daemon.
[[0;32m  OK  [0m] Started Snappy daemon.
         Starting Auto import assertions from block devices...
         Starting LSB: MD monitoring daemon...
         Starting LXD - container startup/shutdown...
[[0;32m  OK  [0m] Started System Logging Service.
[[0;32m  OK  [0m] Started OpenBSD Secure Shell server.
[[0;32m  OK  [0m] Started /etc/rc.local Compatibility.
[[0;32m  OK  [0m] Started LSB: Record successful boot for GRUB.
[[0;32m  OK  [0m] Started vboxadd.service.
[[0;32m  OK  [0m] Started vboxadd-x11.service.
[[0;32m  OK  [0m] Started Apply the settings specified in cloud-config.
[[0;32m  OK  [0m] Started Auto import assertions from block devices.
[[0;32m  OK  [0m] Started LXD - container startup/shutdown.
[[0;32m  OK  [0m] Started Login to default iSCSI targets.
[[0;32m  OK  [0m] Started LSB: MD monitoring daemon.
         Starting Authenticate and Authorize Users to Run Privileged Tasks...
[[0;32m  OK  [0m] Reached target Remote File Systems (Pre).
[[0;32m  OK  [0m] Reached target Remote File Systems.
         Starting LSB: automatic crash report generation...
         Starting LSB: daemon to balance interrupts for SMP systems...
         Starting LSB: Set the CPU Frequency Scaling governor to "ondemand"...
         Starting Permit User Sessions...
         Starting vboxadd-service.service...
[[0;32m  OK  [0m] Started Permit User Sessions.
[[0;32m  OK  [0m] Started vboxadd-service.service.
[[0;32m  OK  [0m] Started Login Service.
[[0;32m  OK  [0m] Started Authenticate and Authorize Users to Run Privileged Tasks.
[[0;32m  OK  [0m] Started Accounts Service.
[[0;32m  OK  [0m] Created slice User Slice of ubuntu.
         Starting User Manager for UID 1000...
[[0;32m  OK  [0m] Started Session 1 of user ubuntu.
         Starting Terminate Plymouth Boot Screen...
         Starting Hold until boot process finishes up...
[[0;32m  OK  [0m] Started User Manager for UID 1000.
[[0;32m  OK  [0m] Started LSB: automatic crash report generation.
[[0;32m  OK  [0m] Started LSB: daemon to balance interrupts for SMP systems.
[[0;32m  OK  [0m] Started LSB: Set the CPU Frequency Scaling governor to "ondemand".
[[0;32m  OK  [0m] Started Terminate Plymouth Boot Screen.
[[0;32m  OK  [0m] Started Hold until boot process finishes up.
         Starting Set console scheme...
[[0;32m  OK  [0m] Started Serial Getty on ttyS0.
[[0;32m  OK  [0m] Started Getty on tty1.
[[0;32m  OK  [0m] Reached target Login Prompts.
[[0;32m  OK  [0m] Reached target Multi-User System.
         Starting Execute cloud user/final scripts...
[[0;32m  OK  [0m] Reached target Graphical Interface.
         Starting Update UTMP about System Runlevel Changes...
[[0;32m  OK  [0m] Started Set console scheme.
[[0;32m  OK  [0m] Started Update UTMP about System Runlevel Changes.
[   41.228206] cloud-init[1255]: Cloud-init v. 0.7.9 running 'modules:final' at Thu, 13 Jul 2017 14:51:11 +0000. Up 41.11 seconds.
[[0;32m  OK  [0m] Started Execute cloud user/final scripts.
[   41.352620] cloud-init[1255]: Cloud-init v. 0.7.9 finished at Thu, 13 Jul 2017 14:51:11 +0000. Datasource DataSourceNoCloud [seed=/dev/sdb][dsmode=net].  Up 41.22 seconds
[[0;32m  OK  [0m] Reached target Cloud-init target.

Ubuntu 16.04.2 LTS ubuntu-xenial ttyS0

ubuntu-xenial login: [[0;32m  OK  [0m] Stopped targ         Stopping System Logging Service...
         Stopping LXD - container startup/shutdown...
         Stopping Authenticate and Authorize Users to Run Privileged Tasks...
[[0;32m  OK  [0m] Stopped target Timers.
[[0;32m  OK  [0m] Stopped Daily apt activities.
[[0;32m  OK  [0m] Stopped Daily Cleanup of Temporary Directories.
[[0;32m  OK  [0m] Stopped Timer to automatically refresh installed snaps.
[[0;32m  OK  [0m] Stopped target System Time Synchronized.
         Stopping Unattended Upgrades Shutdown...
         Stopping Regular background program processing daemon...
         Stopping FUSE filesystem for LXC...
[[0;32m  OK  [0m] Unmounted /var/lib/lxcfs.
[[0;32m  OK  [0m] Stopped System Logging Service.
[[0;32m  OK  [0m] Stopped Deferred execution scheduler.
[[0;32m  OK  [0m] Stopped Accounts Service.
[[0;32m  OK  [0m] Stopped ACPI event daemon.
[[0;32m  OK  [0m] Stopped OpenBSD Secure Shell server.
[[0;32m  OK  [0m] Stopped Regular background program processing daemon.
[[0;32m  OK  [0m] Stopped Snappy daemon.
[[0;32m  OK  [0m] Stopped Authenticate and Authorize Users to Run Privileged Tasks.
[[0;32m  OK  [0m] Stopped Serial Getty on ttyS0.
[[0;32m  OK  [0m] Stopped Getty on tty1.
[[0;32m  OK  [0m] Stopped User Manager for UID 1000.
[[0;32m  OK  [0m] Stopped vboxadd-x11.service.
[[0;32m  OK  [0m] Stopped Session 2 of user ubuntu.
[[0;32m  OK  [0m] Stopped vboxadd-service.service.
[[0;32m  OK  [0m] Stopped LSB: Record successful boot for GRUB.
[[0;32m  OK  [0m] Stopped D-Bus System Message Bus.
[[0;32m  OK  [0m] Stopped Unattended Upgrades Shutdown.
[[0;32m  OK  [0m] Stopped FUSE filesystem for LXC.
[[0;32m  OK  [0m] Stopped LSB: MD monitoring daemon.
[[0;32m  OK  [0m] Stopped LSB: Set the CPU Frequency Scaling governor to "ondemand".
[[0;32m  OK  [0m] Stopped LSB: daemon to balance interrupts for SMP systems.
[[0;32m  OK  [0m] Stopped LSB: automatic crash report generation.
[[0;32m  OK  [0m] Stopped LXD - container startup/shutdown.
         Stopping vboxadd.service...
[[0;32m  OK  [0m] Removed slice User Slice of ubuntu.
         Stopping Login Service...
[[0;32m  OK  [0m] Removed slice system-getty.slice.
         Stopping Permit User Sessions...
[[0;32m  OK  [0m] Stopped /etc/rc.local Compatibility.
[[0;32m  OK  [0m] Removed slice system-serial\x2dgetty.slice.
[[0;32m  OK  [0m] Unmounted /vagrant.
[[0;32m  OK  [0m] Stopped Login Service.
[[0;32m  OK  [0m] Stopped vboxadd.service.
[[0;32m  OK  [0m] Stopped Permit User Sessions.
[[0;32m  OK  [0m] Stopped target Remote File Systems.
[[0;32m  OK  [0m] Stopped target Remote File Systems (Pre).
         Stopping Login to default iSCSI targets...
[[0;32m  OK  [0m] Stopped target Basic System.
[[0;32m  OK  [0m] Stopped target Paths.
[[0;32m  OK  [0m] Stopped Forward Password Requests to Wall Directory Watch.
[[0;32m  OK  [0m] Stopped ACPI Events Check.
[[0;32m  OK  [0m] Stopped Dispatch Password Requests to Console Directory Watch.
[[0;32m  OK  [0m] Stopped target Slices.
[[0;32m  OK  [0m] Stopped target Sockets.
[[0;32m  OK  [0m] Closed Syslog Socket.
[[0;32m  OK  [0m] Closed UUID daemon activation socket.
[[0;32m  OK  [0m] Closed Socket activation for snappy daemon.
[[0;32m  OK  [0m] Closed LXD - unix socket.
[[0;32m  OK  [0m] Closed ACPID Listen Socket.
[[0;32m  OK  [0m] Closed D-Bus System Message Bus Socket.
[[0;32m  OK  [0m] Stopped target System Initialization.
[[0;32m  OK  [0m] Stopped target Encrypted Volumes.
         Stopping Update UTMP about System Boot/Shutdown...
         Stopping Load/Save Random Seed...
[[0;32m  OK  [0m] Stopped target Swap.
[[0;32m  OK  [0m] Stopped target User and Group Name Lookups.
[[0;32m  OK  [0m] Removed slice User and Session Slice.
[[0;32m  OK  [0m] Stopped Load/Save Random Seed.
[[0;32m  OK  [0m] Stopped Login to default iSCSI targets.
[[0;32m  OK  [0m] Stopped Update UTMP about System Boot/Shutdown.
[[0;32m  OK  [0m] Stopped Create Volatile Files and Directories.
         Stopping iSCSI initiator daemon (iscsid)...
[[0;32m  OK  [0m] Stopped iSCSI initiator daemon (iscsid).
[[0;32m  OK  [0m] Stopped target Network is Online.
[[0;32m  OK  [0m] Stopped Initial cloud-init job (metadata service crawler).
[[0;32m  OK  [0m] Stopped target Network.
         Stopping Raise network interfaces...
[[0;32m  OK  [0m] Stopped Raise network interfaces.
[[0;32m  OK  [0m] Stopped Apply Kernel Variables.
[[0;32m  OK  [0m] Stopped target Local File Systems.
         Unmounting /run/user/1000...
[[0;32m  OK  [0m] Stopped target Network (Pre).
[[0;32m  OK  [0m] Stopped Initial cloud-init job (pre-networking).
[[0;32m  OK  [0m] Stopped Load Kernel Modules.
[[0;32m  OK  [0m] Unmounted /run/user/1000.
[[0;32m  OK  [0m] Reached target Unmount All Filesystems.
[[0;32m  OK  [0m] Stopped target Local File Systems (Pre).
         Stopping Monitoring of LVM2 mirrors... dmeventd or progress polling...
[[0;32m  OK  [0m] Stopped Create Static Device Nodes in /dev.
[[0;32m  OK  [0m] Stopped Remount Root and Kernel File Systems.
[[0;32m  OK  [0m] Reached target Shutdown.
[  261.875648] reboot: Power down
